// Jest Snapshot v1, https://goo.gl/fbAQLP

exports[`new-block-stream tests in node environment fromPolling can track blocks 1`] = `
Object {
  "difficulty": "0",
  "extraData": "0x",
  "gasLimit": 6721975,
  "gasUsed": 41711,
  "hash": Anything,
  "logsBloom": "0x00000000000000000000000000000000000000000000000000000000000000000000000000000000000000000000000000000000000000000000000000000000000000000000000000000000000000000000000000000000000000000000000000000000000000000000000000000000000000000000000000000000000000000000000000000000000000000000000000000000000000000000000000000000000000000000000000000000000000000000000000000000000000000000000000000000000000000000000000000000000000000000000000000000000000000000000000000000000000000000000000000000000000000000000000000000",
  "miner": "0x0000000000000000000000000000000000000000",
  "mixHash": "0x0000000000000000000000000000000000000000000000000000000000000000",
  "nonce": "0x0000000000000000",
  "number": 2,
  "parentHash": Anything,
  "receiptsRoot": "0x56e81f171bcc55a6ff8345e692c0f86e5b48e01b996cadc001622fb5e363b421",
  "sha3Uncles": "0x1dcc4de8dec75d7aab85b567b6ccd41ad312451b948a7413f0a142fd40d49347",
  "size": 1000,
  "stateRoot": "0x9182e4bbb0559e4821e881204cca9ba38ee1eb65999b6d34c6ebba00ff6cc376",
  "timestamp": Anything,
  "totalDifficulty": "0",
  "transactions": Array [
    Object {
      "blockHash": Anything,
    },
  ],
  "transactionsRoot": "0x56e81f171bcc55a6ff8345e692c0f86e5b48e01b996cadc001622fb5e363b421",
  "uncles": Array [],
}
`;

exports[`new-block-stream tests in node environment fromPolling can track blocks 2`] = `
Object {
  "difficulty": "0",
  "extraData": "0x",
  "gasLimit": 6721975,
  "gasUsed": 41711,
  "hash": Anything,
  "logsBloom": "0x00000000000000000000000000000000000000000000000000000000000000000000000000000000000000000000000000000000000000000000000000000000000000000000000000000000000000000000000000000000000000000000000000000000000000000000000000000000000000000000000000000000000000000000000000000000000000000000000000000000000000000000000000000000000000000000000000000000000000000000000000000000000000000000000000000000000000000000000000000000000000000000000000000000000000000000000000000000000000000000000000000000000000000000000000000000",
  "miner": "0x0000000000000000000000000000000000000000",
  "mixHash": "0x0000000000000000000000000000000000000000000000000000000000000000",
  "nonce": "0x0000000000000000",
  "number": 4,
  "parentHash": Anything,
  "receiptsRoot": "0x56e81f171bcc55a6ff8345e692c0f86e5b48e01b996cadc001622fb5e363b421",
  "sha3Uncles": "0x1dcc4de8dec75d7aab85b567b6ccd41ad312451b948a7413f0a142fd40d49347",
  "size": 1000,
  "stateRoot": "0x26c20d98f961ecb37857143c22ac3e90c9e214a61a8511763ca44d4e110f6d3d",
  "timestamp": Anything,
  "totalDifficulty": "0",
  "transactions": Array [
    Object {
      "blockHash": Anything,
    },
  ],
  "transactionsRoot": "0x56e81f171bcc55a6ff8345e692c0f86e5b48e01b996cadc001622fb5e363b421",
  "uncles": Array [],
}
`;
